t-074 [Manual Review] chapter-1.xhtml Extended sound using hyphen-minus `-` 
instead of non-breaking hyphen `â€‘`.
 Line 24:       <i>Bor-r-r-r-n!</i>
 Line 26:       <em>Ow-w-w-w!</em>
