t-001 [Error] chapter-1.xhtml Double spacing found. Hint: Sentences should be 
single-spaced. Note that double spaces might include Unicode no-break spaces.
t-042 [Error] chapter-1.xhtml `‘` used for Greek dasia or `’` used for Greek 
psili. Hint: Use a single precomposed Unicode character, or a combining mark if 
a precomposed character doesn’t exist.
 Line 15:       <i xml:lang="el">’αποικα</i>
 Line 17:       <i xml:lang="el">‘αποικα</i>
