m-070 [Error] glossary-search-key-map.xml Glossary entry not found in the text.
 Line 4:        <match value="foo"/>
 Line 21:       <value value="pariahsss"/>
