s-062 [Error] glossary.xhtml `<dt>` element in a glossary without exactly one 
`<dfn>` child.
 Line 30:       <dt>Aberrant</dt>
