x-001 [Error] chapter-1.xhtml `utf-8` string incorrectly cased. Hint: `utf-8` must always be lowercase.
 Line 1:        UTF-8
