<?xml version="1.0" encoding="utf-8"?>
<ONIXMessage xmlns="http://ns.editeur.org/onix/3.1/reference" release="3.1">
	<Header>
		<Sender>
			<SenderName>Standard Ebooks</SenderName>
		</Sender>
		<SentDateTime>19000101T000000Z</SentDateTime>
	</Header>
	<Product datestamp="19000101T000000Z">
		<RecordReference>https://standardebooks.org/ebooks/jane-austen/unknown-novel</RecordReference>
		<NotificationType>03</NotificationType>
		<ProductIdentifier>
			<ProductIDType>22</ProductIDType>
			<IDValue>https://standardebooks.org/ebooks/jane-austen/unknown-novel</IDValue>
		</ProductIdentifier>
		<DescriptiveDetail>
			<ProductComposition>00</ProductComposition>
			<ProductForm>EB</ProductForm>
			<ProductFormDetail>E101</ProductFormDetail>
			<ProductFormFeature>
				<ProductFormFeatureType>09</ProductFormFeatureType>
				<ProductFormFeatureValue>10</ProductFormFeatureValue>
			</ProductFormFeature>
			<ProductFormFeature>
				<ProductFormFeatureType>09</ProductFormFeatureType>
				<ProductFormFeatureValue>11</ProductFormFeatureValue>
			</ProductFormFeature>
			<ProductFormFeature>
				<ProductFormFeatureType>09</ProductFormFeatureType>
				<ProductFormFeatureValue>13</ProductFormFeatureValue>
			</ProductFormFeature>
			<ProductFormFeature>
				<ProductFormFeatureType>09</ProductFormFeatureType>
				<ProductFormFeatureValue>22</ProductFormFeatureValue>
			</ProductFormFeature>
			<ProductFormFeature>
				<ProductFormFeatureType>09</ProductFormFeatureType>
				<ProductFormFeatureValue>96</ProductFormFeatureValue>
				<ProductFormFeatureDescription>https://standardebooks.org/about/accessibility</ProductFormFeatureDescription>
			</ProductFormFeature>
			<ProductFormFeature>
				<ProductFormFeatureType>09</ProductFormFeatureType>
				<ProductFormFeatureValue>99</ProductFormFeatureValue>
				<ProductFormFeatureDescription>https://standardebooks.org/about#editor-in-chief</ProductFormFeatureDescription>
			</ProductFormFeature>
			<ProductFormFeature>
				<ProductFormFeatureType>15</ProductFormFeatureType>
				<ProductFormFeatureValue>101F</ProductFormFeatureValue>
			</ProductFormFeature>
			<TitleDetail>
				<TitleType>01</TitleType>
				<TitleElement>
					<SequenceNumber>1</SequenceNumber>
					<TitleElementLevel>01</TitleElementLevel>
					<NoPrefix/>
					<TitleWithoutPrefix textcase="02">Unknown Novel</TitleWithoutPrefix>
				</TitleElement>
				<TitleStatement>Unknown Novel</TitleStatement>
			</TitleDetail>
			<Contributor>
				<SequenceNumber>1</SequenceNumber>
				<ContributorRole>A01</ContributorRole>
				<PersonName>Jane Austen</PersonName>
				<PersonNameInverted>Austen, Jane</PersonNameInverted>
			</Contributor>
			<Language>
				<LanguageRole>01</LanguageRole>
				<LanguageCode>eng</LanguageCode>
				<CountryCode>GB</CountryCode>
			</Language>
		</DescriptiveDetail>
		<CollateralDetail>
			<SupportingResource>
				<ResourceContentType>01</ResourceContentType>
				<ContentAudience>00</ContentAudience>
				<ResourceMode>03</ResourceMode>
				<ResourceVersion>
					<ResourceForm>02</ResourceForm>
					<ResourceVersionFeature>
						<ResourceVersionFeatureType>01</ResourceVersionFeatureType>
						<FeatureValue>D502</FeatureValue>
					</ResourceVersionFeature>
					<ResourceLink>https://standardebooks.org/ebooks/jane-austen/unknown-novel/downloads/cover.jpg</ResourceLink>
				</ResourceVersion>
			</SupportingResource>
			<SupportingResource>
				<ResourceContentType>28</ResourceContentType>
				<ContentAudience>00</ContentAudience>
				<ResourceMode>04</ResourceMode>
				<ResourceVersion>
					<ResourceForm>02</ResourceForm>
					<ResourceVersionFeature>
						<ResourceVersionFeatureType>01</ResourceVersionFeatureType>
						<FeatureValue>E101</FeatureValue>
						<FeatureNote>Recommended compatible epub</FeatureNote>
					</ResourceVersionFeature>
					<ResourceLink>https://standardebooks.org/ebooks/jane-austen/unknown-novel/downloads/jane-austen_unknown-novel.epub?source=feed</ResourceLink>
				</ResourceVersion>
			</SupportingResource>
			<SupportingResource>
				<ResourceContentType>28</ResourceContentType>
				<ContentAudience>00</ContentAudience>
				<ResourceMode>04</ResourceMode>
				<ResourceVersion>
					<ResourceForm>02</ResourceForm>
					<ResourceVersionFeature>
						<ResourceVersionFeatureType>01</ResourceVersionFeatureType>
						<FeatureValue>E101</FeatureValue>
						<FeatureNote>Advanced epub</FeatureNote>
					</ResourceVersionFeature>
					<ResourceLink>https://standardebooks.org/ebooks/jane-austen/unknown-novel/downloads/jane-austen_unknown-novel_advanced.epub?source=feed</ResourceLink>
				</ResourceVersion>
			</SupportingResource>
			<SupportingResource>
				<ResourceContentType>28</ResourceContentType>
				<ContentAudience>00</ContentAudience>
				<ResourceMode>04</ResourceMode>
				<ResourceVersion>
					<ResourceForm>02</ResourceForm>
					<ResourceVersionFeature>
						<ResourceVersionFeatureType>01</ResourceVersionFeatureType>
						<FeatureValue>E101</FeatureValue>
						<FeatureNote>Kobo Kepub epub</FeatureNote>
					</ResourceVersionFeature>
					<ResourceLink>https://standardebooks.org/ebooks/jane-austen/unknown-novel/downloads/jane-austen_unknown-novel.kepub.epub?source=feed</ResourceLink>
				</ResourceVersion>
			</SupportingResource>
			<SupportingResource>
				<ResourceContentType>28</ResourceContentType>
				<ContentAudience>00</ContentAudience>
				<ResourceMode>04</ResourceMode>
				<ResourceVersion>
					<ResourceForm>02</ResourceForm>
					<ResourceVersionFeature>
						<ResourceVersionFeatureType>01</ResourceVersionFeatureType>
						<FeatureValue>E116</FeatureValue>
						<FeatureNote>Amazon Kindle azw3</FeatureNote>
					</ResourceVersionFeature>
					<ResourceLink>https://standardebooks.org/ebooks/jane-austen/unknown-novel/downloads/jane-austen_unknown-novel.azw3?source=feed</ResourceLink>
				</ResourceVersion>
			</SupportingResource>
			<SupportingResource>
				<ResourceContentType>28</ResourceContentType>
				<ContentAudience>00</ContentAudience>
				<ResourceMode>04</ResourceMode>
				<ResourceVersion>
					<ResourceForm>02</ResourceForm>
					<ResourceVersionFeature>
						<ResourceVersionFeatureType>01</ResourceVersionFeatureType>
						<FeatureValue>E113</FeatureValue>
						<FeatureNote>XHTML</FeatureNote>
					</ResourceVersionFeature>
					<ResourceLink>https://standardebooks.org/ebooks/jane-austen/unknown-novel/text/single-page</ResourceLink>
				</ResourceVersion>
			</SupportingResource>
		</CollateralDetail>
		<PublishingDetail>
			<Publisher>
				<PublishingRole>01</PublishingRole>
				<PublisherName>Standard Ebooks</PublisherName>
				<Website>
					<WebsiteRole>01</WebsiteRole>
					<WebsiteLink>https://standardebooks.org/</WebsiteLink>
				</Website>
			</Publisher>
			<PublishingDate>
				<PublishingDateRole>16</PublishingDateRole>
				<Date>19000101T000000Z</Date>
			</PublishingDate>
		</PublishingDetail>
		<ProductSupply>
			<Market>
				<Territory>
					<CountriesIncluded>US</CountriesIncluded>
				</Territory>
			</Market>
		</ProductSupply>
	</Product>
</ONIXMessage>
