m-039 [Error] se-lint-ignore.xml `<file>` element with duplicate `path` attribute value.
 Line 27:       <file path="book-8.xhtml">
 Line 33:       <file path="book-8.xhtml">
m-048 [Error] se-lint-ignore.xml Unused ignore rule.
 Line 5:        book-4.xhtml: m-045
 Line 11:       book-5.xhtml: m-045
 Line 17:       book-6.xhtml: m-045
 Line 23:       book-7.xhtml: m-045
 Line 29:       book-8.xhtml: t-003
 Line 35:       book-8.xhtml: y-035
 Line 41:       chapter-1-4.xhtml: t-011
