t-063 [Manual Review] chapter-1.xhtml Non-English confusable phrase set without italics.
 Line 13:       Improper use of a priori.
 Line 15:       Improper use of in absentia.
 Line 17:       Improper use of par excellence.
