m-005 [Error] colophon.xhtml Non-canonical HathiTrust URL. Expected: `https://catalog.hathitrust.org/Record/<BOOK-ID>`.
 Line 26:       <a href="https://hdl.handle.net/record/1234">HathiTrust Digital Library</a>
m-005 [Error] content.opf Non-canonical HathiTrust URL. Expected: `https://catalog.hathitrust.org/Record/<BOOK-ID>`.
 Line 45:       <dc:source>https://hdl.handle.net/record/1234</dc:source>
