t-076 [Manual Review] chapter-1.xhtml Grapheme or phoneme not italicized. Hint: Dialect with missing letters should mark missing letters with `’`.
 Line 12:       Two f’s.
