y-029 [Manual Review] chapter-1.xhtml Possible typo: Italics followed by a letter.
 Line 22:       <i>caw-caw-caw-caw</i>
 Line 24:       <em>Is</em>
