y-032 [Manual Review] chapter-1.xhtml Possible typo: italics running into 
preceding or following characters.
 Line 22:       <i epub:type="se:name.publication.play">Hamlet</i>
 Line 24:       <i epub:type="se:name.publication.book">Threatful Flood</i>
